HOSTINFO
System
  Uptime: 4d 12h 30m
  User: alice /home/alice
  Time: Fri, 10 Oct 2025 09:45:00 PDT
Network
  Primary: 192.168.1.42 (eth0)
  Remote: 203.0.113.5
Resources
  Mem: 12.3GB free / 16.0GB (23% used)
  Disk: 210.0GB used / 512.0GB (41% used)
  CPU Load: 0.45 0.52 0.60
