SYSGREET
System
  Uptime: 1d 6h 15m
  User: Administrator C:\\Users\\Administrator
  Time: Fri, 10 Oct 2025 09:45:00 PST
Network
  Primary: 10.0.0.5 (Ethernet0)
  Remote: 198.51.100.9
Resources
  Mem: 8.0GB free / 16.0GB (50% used)
  Disk: 120.0GB used / 256.0GB (47% used)
  CPU: 12.0%
